<?xml version="1.0" encoding="utf-8"?><testsuites><testsuite errors="0" failures="0" hostname="ubuntu" name="pytest" skipped="0" tests="6" time="0.814" timestamp="2020-02-25T23:12:19.573842"><testcase classname="clean_test.TestClean" file="clean_test.py" line="31" name="test_fix_periods" time="0.001"></testcase><testcase classname="clean_test.TestClean" file="clean_test.py" line="11" name="test_remove_bad_characters" time="0.001"></testcase><testcase classname="clean_test.TestClean" file="clean_test.py" line="16" name="test_remove_multiple_periods" time="0.001"></testcase><testcase classname="clean_test.TestClean" file="clean_test.py" line="26" name="test_remove_multiple_spaces" time="0.001"></testcase><testcase classname="clean_test.TestClean" file="clean_test.py" line="6" name="test_remove_new_line_char" time="0.001"></testcase><testcase classname="clean_test.TestClean" file="clean_test.py" line="21" name="test_remove_words_numbers" time="0.001"></testcase></testsuite></testsuites>